=====================================================
 AUDITORIA COMPLETA - BINÁRIO TECH
 Executado em: 2026-08-14 23:54:46
=====================================================

[1] Consultando Telemetria Scania...
{
  "montadora": "Scania",
  "dados": [
    {
      "id": 1,
      "modelo": "R450",
      "vin": "9BS123456789",
      "temperatura_motor": 88,
      "status": "OK"
    },
    {
      "id": 2,
      "modelo": "S500",
      "vin": "9BS987654321",
      "temperatura_motor": 102,
      "status": "ALERTA_AQUECIMENTO"
    }
  ]
}

[2] Consultando Telemetria Mercedes-Benz...
{
  "montadora": "Mercedes-Benz",
  "dados": [
    {
      "id": 1,
      "modelo": "Actros",
      "vin": "9BM123456789",
      "temperatura_motor": 90,
      "status": "OK"
    },
    {
      "id": 2,
      "modelo": "Atego",
      "vin": "9BM987654321",
      "temperatura_motor": 98,
      "status": "ALERTA_AQUECIMENTO"
    }
  ]
}

[3] Testando Endpoint Inexistente (Volvo)...
{
  "erro": "Módulo ou Rota de Telemetria não encontrada."
}

=====================================================
 AUDITORIA FINALIZADA
=====================================================
