=======================================
Auditoria De Telemetria - Binario Tech 
 Data/Hora: Thu Aug 20 11:01:52 PM UTC 2026
=======================================

[1] Testando Rota Scania...
{
  "montadora": "Scania",
  "modelo": "R450",
  "status": "OK",
  "conexao": true,
  "velocidade_media": 82
}

[2] Testando Rota Mercedes-Benz...
{
  "montadora": "Mercedes-Benz",
  "modelo": "Actros",
  "status": "OK",
  "conexão": true,
  "velocidade_media": 78
}

[3] Testando Rota Volkswagen...
{
  "montadora": "Volkswagen",
  "modelo": "Delivery",
  "status": "ALERTA",
  "conexão": false,
  "velociade_media": 0
}

----------------------------------
Auditoria Finalizada com Sucesso!
